// Jest Snapshot v1, https://goo.gl/fbAQLP

exports[`<LoginButton /> should render login button corretly 1`] = `
.c0 {
  background: none;
  color: inherit;
  border: none;
  padding: 0.5rem;
  font: inherit;
  cursor: pointer;
  outline: inherit;
}

.c1 {
  font-size: 2vh;
  color: #EEF1EF;
  padding: 0.5rem 1rem;
  background-color: #c1292e;
  border-radius: 0.5rem;
  margin: 20px;
  font-weight: bold;
  letter-spacing: 0.01rem;
}

<div>
  <button
    class="c0"
  >
    <span
      class="c1"
    >
      Login
    </span>
  </button>
</div>
`;
